#-----------------------------------------------------------
# xsim v2025.1 (64-bit)
# SW Build 6140274 on Wed May 21 22:58:25 MDT 2025
# IP Build 6138677 on Thu May 22 03:10:11 MDT 2025
# SharedData Build 6139179 on Tue May 20 17:58:58 MDT 2025
# Start of session at: Sun Nov 30 23:02:02 2025
# Process ID         : 16073
# Current directory  : /media/nayem/7B17-8FA2/__DV_work/uvm-tb-sipo-reg
# Command line       : xsim -mode tcl -source {xsim.dir/work.tb_top/xsim_script.tcl}
# Log file           : /media/nayem/7B17-8FA2/__DV_work/uvm-tb-sipo-reg/xsim.log
# Journal file       : /media/nayem/7B17-8FA2/__DV_work/uvm-tb-sipo-reg/xsim.jou
# Running On         : sniffer-jr
# Platform           : Ubuntu
# Operating System   : Ubuntu 24.04.3 LTS
# Processor Detail   : Intel(R) Celeron(R) N4000 CPU @ 1.10GHz
# CPU Frequency      : 2487.272 MHz
# CPU Physical cores : 2
# CPU Logical cores  : 2
# Host memory        : 8142 MB
# Swap memory        : 4294 MB
# Total Virtual      : 12437 MB
# Available Virtual  : 8916 MB
#-----------------------------------------------------------
source xsim.dir/work.tb_top/xsim_script.tcl
run -all
